// Jest Snapshot v1, https://goo.gl/fbAQLP

exports[`Paragraph Component when nothing specified should render correctly 1`] = `
<styled.p
  color="dark"
  size="medium"
>
  Hello
</styled.p>
`;
