// Jest Snapshot v1, https://goo.gl/fbAQLP

exports[`Button Component when nothing specified should render without issue 1`] = `
<button
  className="hWpIoz"
  mode="primary"
  onClick={[Function]}
  size="medium"
>
  Hello
</button>
`;
